{
    "homo_sapiens - stub": {
        "content": [
            [
                
            ]
        ],
        "meta": {
            "nf-test": "0.9.2",
            "nextflow": "25.04.7"
        },
        "timestamp": "2025-09-26T18:11:08.909362948"
    },
    "homo_sapiens - single end": {
        "content": [
            [
                
            ]
        ],
        "meta": {
            "nf-test": "0.9.2",
            "nextflow": "25.04.7"
        },
        "timestamp": "2025-09-26T18:10:58.831121754"
    }
}